<?xml version="1.0" encoding="utf-8"?><testsuite errors="0" failures="0" name="pytest" skips="0" tests="3" time="0.161"><testcase classname="test.test_formater.TestFormater" file="test/test_formater.py" line="5" name="test_plain_lowercase" time="0.000895023345947"></testcase><testcase classname="test.test_views.FlaskrTestCase" file="test/test_views.py" line="16" name="test_msg_with_output" time="0.0222511291504"></testcase><testcase classname="test.test_views.FlaskrTestCase" file="test/test_views.py" line="12" name="test_outputs" time="0.00189113616943"></testcase></testsuite>